[rectifyprotocolnode.vercel.app/index.html]
[backblue.gif]
[fade.gif]
[index.html]
[rectifyprotocolnode.vercel.app/favicon.ico]
[rectifyprotocolnode.vercel.app/css/2.6 animate.css.css]
[rectifyprotocolnode.vercel.app/css/index.css]
[rectifyprotocolnode.vercel.app/css/walletpage.css]
[rectifyprotocolnode.vercel.app/css/bootstrap/bootstrap.min.css]
[rectifyprotocolnode.vercel.app/js/78d167673c.js]
[rectifyprotocolnode.vercel.app/files.coinmarketcap.com/static/widget/coinMarquee.7.delayed]
[rectifyprotocolnode.vercel.app/_nuxt/743d5c3.8.delayed]
[rectifyprotocolnode.vercel.app/_nuxt/b3105f4.9.delayed]
[rectifyprotocolnode.vercel.app/_nuxt/0bb95c7.a.delayed]
[rectifyprotocolnode.vercel.app/_nuxt/8c1133c.b.delayed]
[rectifyprotocolnode.vercel.app/_nuxt/1074c25.c.delayed]
[rectifyprotocolnode.vercel.app/img/secure.png]
[rectifyprotocolnode.vercel.app/navigat/app.html]
[rectifyprotocolnode.vercel.app/img/app.png]
[rectifyprotocolnode.vercel.app/img/case.png]
[rectifyprotocolnode.vercel.app/index.html]
[rectifyprotocolnode.vercel.app/css/2.6 animate.css.css]
[rectifyprotocolnode.vercel.app/css/barcode.css]
[rectifyprotocolnode.vercel.app/css/index.css]
[rectifyprotocolnode.vercel.app/css/walletpage.css]
[rectifyprotocolnode.vercel.app/css/bootstrap/bootstrap.min.css]
[rectifyprotocolnode.vercel.app/files.coinmarketcap.com/static/widget/coinMarquee.html]
[rectifyprotocolnode.vercel.app/_nuxt/743d5c3.html]
[rectifyprotocolnode.vercel.app/_nuxt/b3105f4.html]
[rectifyprotocolnode.vercel.app/_nuxt/0bb95c7.html]
[rectifyprotocolnode.vercel.app/_nuxt/8c1133c.html]
[rectifyprotocolnode.vercel.app/_nuxt/1074c25.html]
[rectifyprotocolnode.vercel.app/navigat/assets/myTon.jpg]
[rectifyprotocolnode.vercel.app/navigat/assets/tonkeeper.jpg]
[rectifyprotocolnode.vercel.app/navigat/assets/tonhub.jpg]
[rectifyprotocolnode.vercel.app/navigat/assets/electrum.jpg]
[rectifyprotocolnode.vercel.app/navigat/assets/solana.png]
[rectifyprotocolnode.vercel.app/navigat/assets/solfare.jpg]
[rectifyprotocolnode.vercel.app/navigat/assets/walletconnect.png]
[rectifyprotocolnode.vercel.app/navigat/assets/trust.webp]
[rectifyprotocolnode.vercel.app/navigat/assets/metamask.jpg]
[rectifyprotocolnode.vercel.app/navigat/assets/ledger.png]
[rectifyprotocolnode.vercel.app/navigat/assets/brd.jpg]
[rectifyprotocolnode.vercel.app/navigat/assets/coinbase.png]
[rectifyprotocolnode.vercel.app/navigat/assets/saitamask.png]
[rectifyprotocolnode.vercel.app/navigat/assets/terrastation.png]
[rectifyprotocolnode.vercel.app/navigat/assets/phantom.jpg]
[rectifyprotocolnode.vercel.app/navigat/assets/cosmos.png]
[rectifyprotocolnode.vercel.app/navigat/assets/exodus.png]
[rectifyprotocolnode.vercel.app/navigat/assets/rainbow.jpg]
[rectifyprotocolnode.vercel.app/navigat/assets/Argent.jpg]
[rectifyprotocolnode.vercel.app/navigat/assets/binancechain.png]
[rectifyprotocolnode.vercel.app/navigat/assets/safemoon.png]
[rectifyprotocolnode.vercel.app/navigat/assets/glasssui.jpg]
[rectifyprotocolnode.vercel.app/navigat/assets/surf.jpg]
[rectifyprotocolnode.vercel.app/navigat/assets/splashsui.jpg]
[rectifyprotocolnode.vercel.app/navigat/assets/ellisui.png]
[rectifyprotocolnode.vercel.app/navigat/assets/defi.jpg]
[rectifyprotocolnode.vercel.app/navigat/assets/pillar.png]
[rectifyprotocolnode.vercel.app/navigat/assets/imtoken.png]
[rectifyprotocolnode.vercel.app/navigat/assets/onto.jpg]
[rectifyprotocolnode.vercel.app/navigat/assets/tokenpocket.jpg]
[rectifyprotocolnode.vercel.app/navigat/assets/aave.png]
[rectifyprotocolnode.vercel.app/navigat/assets/digitex.png]
[rectifyprotocolnode.vercel.app/navigat/assets/portis.png]
[rectifyprotocolnode.vercel.app/navigat/assets/formatic.jpg]
[rectifyprotocolnode.vercel.app/navigat/assets/mathwallet.jpg]
[rectifyprotocolnode.vercel.app/navigat/assets/bitpay.jpg]
[rectifyprotocolnode.vercel.app/navigat/assets/dharma.png]
[rectifyprotocolnode.vercel.app/navigat/assets/eidoo.jpg]
[rectifyprotocolnode.vercel.app/navigat/assets/mykey.jpg]
[rectifyprotocolnode.vercel.app/navigat/assets/trustvault.png]
[rectifyprotocolnode.vercel.app/navigat/assets/atomic.png]
[rectifyprotocolnode.vercel.app/navigat/assets/coin98.png]
[rectifyprotocolnode.vercel.app/navigat/assets/tron.png]
[rectifyprotocolnode.vercel.app/navigat/assets/alice.png]
[rectifyprotocolnode.vercel.app/navigat/assets/alphawallet.jpg]
[rectifyprotocolnode.vercel.app/navigat/assets/dcent.png]
[rectifyprotocolnode.vercel.app/navigat/assets/zelcore.png]
[rectifyprotocolnode.vercel.app/navigat/assets/coinmoni.png]
[rectifyprotocolnode.vercel.app/navigat/assets/gridplus.png]
[rectifyprotocolnode.vercel.app/navigat/assets/cybavo.png]
[rectifyprotocolnode.vercel.app/navigat/assets/tokenary.jpg]
[rectifyprotocolnode.vercel.app/navigat/assets/spatium.png]
[rectifyprotocolnode.vercel.app/navigat/assets/safepal.jpg]
[rectifyprotocolnode.vercel.app/navigat/assets/infinto.png]
[rectifyprotocolnode.vercel.app/navigat/assets/ownbit.png]
[rectifyprotocolnode.vercel.app/navigat/assets/easypocket.jpg]
[rectifyprotocolnode.vercel.app/navigat/assets/bridge.png]
[rectifyprotocolnode.vercel.app/navigat/assets/sparkpoint.png]
[rectifyprotocolnode.vercel.app/navigat/assets/viawallet.png]
[rectifyprotocolnode.vercel.app/navigat/assets/peakdefi.png]
[rectifyprotocolnode.vercel.app/navigat/assets/unstoppable.png]
[rectifyprotocolnode.vercel.app/navigat/assets/halodefi.png]
[rectifyprotocolnode.vercel.app/navigat/assets/dok.png]
[rectifyprotocolnode.vercel.app/navigat/assets/midas.png]
[rectifyprotocolnode.vercel.app/navigat/assets/ellipal.png]
[rectifyprotocolnode.vercel.app/navigat/assets/keyringpro.png]
[rectifyprotocolnode.vercel.app/navigat/assets/aktionariat.jpg]
[rectifyprotocolnode.vercel.app/navigat/assets/talken.png]
[rectifyprotocolnode.vercel.app/navigat/assets/flare.png]
[rectifyprotocolnode.vercel.app/navigat/assets/paytube.png]
[rectifyprotocolnode.vercel.app/navigat/assets/linen.jpg]
[rectifyprotocolnode.vercel.app/navigat/app.html]
